      1                                 %line 1+1 data.asm
     2                                 [section .data]
     3                                 
     4                                 
     5 00000000 616263                 my_str: db "abc"
     6 00000003 05                     my_number: db 5
     7                                 
     8                                 
     9 00000004 03000700               a: dw 3,7
    10                                 
    11                                 
    12 00000008 3700000053000000       b: dd 55,83
    13                                 
    14                                 
    15 00000010 0900000000000000       c: dq 9
    16                                 
    17                                 
    18                                 
    19                                 [section .bss]
    20                                 
    21                                 
    22 00000000 <gap>                  var1: resb 5
    23                                 
    24                                 
    25 00000005 <gap>                  var2: resw 2
    26                                 
    27                                 
    28 00000009 <gap>                  var3: resd 3
    29                                 
    30                                 
    31 00000015 <gap>                  var resq 2
